Archive member included because of file (symbol)

d:/mo morsy/iti_embedded/imt tools/sdk/imt_sdk_win_64/winavr/bin/../lib/gcc/avr/4.3.3/avr5\libgcc.a(_mulsi3.o)
                              ./HAL/SERVO/SERVO.o (__mulsi3)
d:/mo morsy/iti_embedded/imt tools/sdk/imt_sdk_win_64/winavr/bin/../lib/gcc/avr/4.3.3/avr5\libgcc.a(_udivmodhi4.o)
                              ./HAL/LCD/LCD_Program.o (__udivmodhi4)
d:/mo morsy/iti_embedded/imt tools/sdk/imt_sdk_win_64/winavr/bin/../lib/gcc/avr/4.3.3/avr5\libgcc.a(_udivmodsi4.o)
                              ./HAL/SERVO/SERVO.o (__udivmodsi4)
d:/mo morsy/iti_embedded/imt tools/sdk/imt_sdk_win_64/winavr/bin/../lib/gcc/avr/4.3.3/avr5\libgcc.a(_exit.o)
                              d:/mo morsy/iti_embedded/imt tools/sdk/imt_sdk_win_64/winavr/bin/../lib/gcc/avr/4.3.3/../../../../avr/lib/avr5/crtm32.o (exit)
d:/mo morsy/iti_embedded/imt tools/sdk/imt_sdk_win_64/winavr/bin/../lib/gcc/avr/4.3.3/avr5\libgcc.a(_copy_data.o)
                              ./app/Service.o (__do_copy_data)
d:/mo morsy/iti_embedded/imt tools/sdk/imt_sdk_win_64/winavr/bin/../lib/gcc/avr/4.3.3/avr5\libgcc.a(_clear_bss.o)
                              ./app/Service.o (__do_clear_bss)
d:/mo morsy/iti_embedded/imt tools/sdk/imt_sdk_win_64/winavr/bin/../lib/gcc/avr/4.3.3/avr5\libgcc.a(_fixunssfsi.o)
                              ./app/Service.o (__fixunssfsi)
d:/mo morsy/iti_embedded/imt tools/sdk/imt_sdk_win_64/winavr/bin/../lib/gcc/avr/4.3.3/avr5\libgcc.a(_addsub_sf.o)
                              d:/mo morsy/iti_embedded/imt tools/sdk/imt_sdk_win_64/winavr/bin/../lib/gcc/avr/4.3.3/avr5\libgcc.a(_fixunssfsi.o) (__subsf3)
d:/mo morsy/iti_embedded/imt tools/sdk/imt_sdk_win_64/winavr/bin/../lib/gcc/avr/4.3.3/avr5\libgcc.a(_mul_sf.o)
                              ./app/Service.o (__mulsf3)
d:/mo morsy/iti_embedded/imt tools/sdk/imt_sdk_win_64/winavr/bin/../lib/gcc/avr/4.3.3/avr5\libgcc.a(_gt_sf.o)
                              ./app/Service.o (__gtsf2)
d:/mo morsy/iti_embedded/imt tools/sdk/imt_sdk_win_64/winavr/bin/../lib/gcc/avr/4.3.3/avr5\libgcc.a(_ge_sf.o)
                              d:/mo morsy/iti_embedded/imt tools/sdk/imt_sdk_win_64/winavr/bin/../lib/gcc/avr/4.3.3/avr5\libgcc.a(_fixunssfsi.o) (__gesf2)
d:/mo morsy/iti_embedded/imt tools/sdk/imt_sdk_win_64/winavr/bin/../lib/gcc/avr/4.3.3/avr5\libgcc.a(_lt_sf.o)
                              ./app/Service.o (__ltsf2)
d:/mo morsy/iti_embedded/imt tools/sdk/imt_sdk_win_64/winavr/bin/../lib/gcc/avr/4.3.3/avr5\libgcc.a(_sf_to_si.o)
                              d:/mo morsy/iti_embedded/imt tools/sdk/imt_sdk_win_64/winavr/bin/../lib/gcc/avr/4.3.3/avr5\libgcc.a(_fixunssfsi.o) (__fixsfsi)
d:/mo morsy/iti_embedded/imt tools/sdk/imt_sdk_win_64/winavr/bin/../lib/gcc/avr/4.3.3/avr5\libgcc.a(_thenan_sf.o)
                              d:/mo morsy/iti_embedded/imt tools/sdk/imt_sdk_win_64/winavr/bin/../lib/gcc/avr/4.3.3/avr5\libgcc.a(_addsub_sf.o) (__thenan_sf)
d:/mo morsy/iti_embedded/imt tools/sdk/imt_sdk_win_64/winavr/bin/../lib/gcc/avr/4.3.3/avr5\libgcc.a(_prologue.o)
                              d:/mo morsy/iti_embedded/imt tools/sdk/imt_sdk_win_64/winavr/bin/../lib/gcc/avr/4.3.3/avr5\libgcc.a(_addsub_sf.o) (__prologue_saves__)
d:/mo morsy/iti_embedded/imt tools/sdk/imt_sdk_win_64/winavr/bin/../lib/gcc/avr/4.3.3/avr5\libgcc.a(_epilogue.o)
                              d:/mo morsy/iti_embedded/imt tools/sdk/imt_sdk_win_64/winavr/bin/../lib/gcc/avr/4.3.3/avr5\libgcc.a(_addsub_sf.o) (__epilogue_restores__)
d:/mo morsy/iti_embedded/imt tools/sdk/imt_sdk_win_64/winavr/bin/../lib/gcc/avr/4.3.3/avr5\libgcc.a(_pack_sf.o)
                              d:/mo morsy/iti_embedded/imt tools/sdk/imt_sdk_win_64/winavr/bin/../lib/gcc/avr/4.3.3/avr5\libgcc.a(_addsub_sf.o) (__pack_f)
d:/mo morsy/iti_embedded/imt tools/sdk/imt_sdk_win_64/winavr/bin/../lib/gcc/avr/4.3.3/avr5\libgcc.a(_unpack_sf.o)
                              d:/mo morsy/iti_embedded/imt tools/sdk/imt_sdk_win_64/winavr/bin/../lib/gcc/avr/4.3.3/avr5\libgcc.a(_addsub_sf.o) (__unpack_f)
d:/mo morsy/iti_embedded/imt tools/sdk/imt_sdk_win_64/winavr/bin/../lib/gcc/avr/4.3.3/avr5\libgcc.a(_fpcmp_parts_sf.o)
                              d:/mo morsy/iti_embedded/imt tools/sdk/imt_sdk_win_64/winavr/bin/../lib/gcc/avr/4.3.3/avr5\libgcc.a(_gt_sf.o) (__fpcmp_parts_f)

Memory Configuration

Name             Origin             Length             Attributes
text             0x00000000         0x00020000         xr
data             0x00800060         0x0000ffa0         rw !x
eeprom           0x00810000         0x00010000         rw !x
fuse             0x00820000         0x00000400         rw !x
lock             0x00830000         0x00000400         rw !x
signature        0x00840000         0x00000400         rw !x
*default*        0x00000000         0xffffffff

Linker script and memory map

LOAD d:/mo morsy/iti_embedded/imt tools/sdk/imt_sdk_win_64/winavr/bin/../lib/gcc/avr/4.3.3/../../../../avr/lib/avr5/crtm32.o
LOAD ./app/Service.o
LOAD ./MCAL/UART/UART_prog.o
LOAD ./MCAL/Timer/Timer_Program.o
LOAD ./MCAL/TWI/TWI_Program.o
LOAD ./MCAL/GLOBAL_INT/GLOB_INT_Program.o
LOAD ./MCAL/EXT_INT/EXT_INT_Program.o
LOAD ./MCAL/DIO/DIO_Program.o
LOAD ./MCAL/ADC/ADC_Program.o
LOAD ./HAL/SERVO/SERVO.o
LOAD ./HAL/LCD/LCD_Program.o
LOAD ./HAL/KEYPAD/KPD_Program.o
LOAD ./HAL/EEPROM/EEPROM_Program.o
LOAD ./main.o
LOAD d:/mo morsy/iti_embedded/imt tools/sdk/imt_sdk_win_64/winavr/bin/../lib/gcc/avr/4.3.3/avr5\libgcc.a
LOAD d:/mo morsy/iti_embedded/imt tools/sdk/imt_sdk_win_64/winavr/bin/../lib/gcc/avr/4.3.3/../../../../avr/lib/avr5\libc.a
LOAD d:/mo morsy/iti_embedded/imt tools/sdk/imt_sdk_win_64/winavr/bin/../lib/gcc/avr/4.3.3/avr5\libgcc.a

.hash
 *(.hash)

.dynsym
 *(.dynsym)

.dynstr
 *(.dynstr)

.gnu.version
 *(.gnu.version)

.gnu.version_d
 *(.gnu.version_d)

.gnu.version_r
 *(.gnu.version_r)

.rel.init
 *(.rel.init)

.rela.init
 *(.rela.init)

.rel.text
 *(.rel.text)
 *(.rel.text.*)
 *(.rel.gnu.linkonce.t*)

.rela.text
 *(.rela.text)
 *(.rela.text.*)
 *(.rela.gnu.linkonce.t*)

.rel.fini
 *(.rel.fini)

.rela.fini
 *(.rela.fini)

.rel.rodata
 *(.rel.rodata)
 *(.rel.rodata.*)
 *(.rel.gnu.linkonce.r*)

.rela.rodata
 *(.rela.rodata)
 *(.rela.rodata.*)
 *(.rela.gnu.linkonce.r*)

.rel.data
 *(.rel.data)
 *(.rel.data.*)
 *(.rel.gnu.linkonce.d*)

.rela.data
 *(.rela.data)
 *(.rela.data.*)
 *(.rela.gnu.linkonce.d*)

.rel.ctors
 *(.rel.ctors)

.rela.ctors
 *(.rela.ctors)

.rel.dtors
 *(.rel.dtors)

.rela.dtors
 *(.rela.dtors)

.rel.got
 *(.rel.got)

.rela.got
 *(.rela.got)

.rel.bss
 *(.rel.bss)

.rela.bss
 *(.rela.bss)

.rel.plt
 *(.rel.plt)

.rela.plt
 *(.rela.plt)

.text           0x00000000     0x5e24
 *(.vectors)
 .vectors       0x00000000       0x54 d:/mo morsy/iti_embedded/imt tools/sdk/imt_sdk_win_64/winavr/bin/../lib/gcc/avr/4.3.3/../../../../avr/lib/avr5/crtm32.o
                0x00000000                __vectors
                0x00000000                __vector_default
 *(.vectors)
 *(.progmem.gcc*)
 *(.progmem*)
                0x00000054                . = ALIGN (0x2)
                0x00000054                __trampolines_start = .
 *(.trampolines)
 .trampolines   0x00000054        0x0 linker stubs
 *(.trampolines*)
                0x00000054                __trampolines_end = .
 *(.jumptables)
 *(.jumptables*)
 *(.lowtext)
 *(.lowtext*)
                0x00000054                __ctors_start = .
 *(.ctors)
                0x00000054                __ctors_end = .
                0x00000054                __dtors_start = .
 *(.dtors)
                0x00000054                __dtors_end = .
 SORT(*)(.ctors)
 SORT(*)(.dtors)
 *(.init0)
 .init0         0x00000054        0x0 d:/mo morsy/iti_embedded/imt tools/sdk/imt_sdk_win_64/winavr/bin/../lib/gcc/avr/4.3.3/../../../../avr/lib/avr5/crtm32.o
                0x00000054                __init
 *(.init0)
 *(.init1)
 *(.init1)
 *(.init2)
 .init2         0x00000054        0xc d:/mo morsy/iti_embedded/imt tools/sdk/imt_sdk_win_64/winavr/bin/../lib/gcc/avr/4.3.3/../../../../avr/lib/avr5/crtm32.o
 *(.init2)
 *(.init3)
 *(.init3)
 *(.init4)
 .init4         0x00000060       0x16 d:/mo morsy/iti_embedded/imt tools/sdk/imt_sdk_win_64/winavr/bin/../lib/gcc/avr/4.3.3/avr5\libgcc.a(_copy_data.o)
                0x00000060                __do_copy_data
 .init4         0x00000076       0x10 d:/mo morsy/iti_embedded/imt tools/sdk/imt_sdk_win_64/winavr/bin/../lib/gcc/avr/4.3.3/avr5\libgcc.a(_clear_bss.o)
                0x00000076                __do_clear_bss
 *(.init4)
 *(.init5)
 *(.init5)
 *(.init6)
 *(.init6)
 *(.init7)
 *(.init7)
 *(.init8)
 *(.init8)
 *(.init9)
 .init9         0x00000086        0x8 d:/mo morsy/iti_embedded/imt tools/sdk/imt_sdk_win_64/winavr/bin/../lib/gcc/avr/4.3.3/../../../../avr/lib/avr5/crtm32.o
 *(.init9)
 *(.text)
 .text          0x0000008e        0x4 d:/mo morsy/iti_embedded/imt tools/sdk/imt_sdk_win_64/winavr/bin/../lib/gcc/avr/4.3.3/../../../../avr/lib/avr5/crtm32.o
                0x0000008e                __vector_1
                0x0000008e                __vector_12
                0x0000008e                __bad_interrupt
                0x0000008e                __vector_6
                0x0000008e                __vector_3
                0x0000008e                __vector_11
                0x0000008e                __vector_13
                0x0000008e                __vector_17
                0x0000008e                __vector_19
                0x0000008e                __vector_7
                0x0000008e                __vector_5
                0x0000008e                __vector_4
                0x0000008e                __vector_9
                0x0000008e                __vector_2
                0x0000008e                __vector_15
                0x0000008e                __vector_8
                0x0000008e                __vector_14
                0x0000008e                __vector_10
                0x0000008e                __vector_16
                0x0000008e                __vector_18
                0x0000008e                __vector_20
 .text          0x00000092        0x0 ./app/Service.o
 .text          0x00000092        0x0 ./MCAL/UART/UART_prog.o
 .text          0x00000092        0x0 ./MCAL/Timer/Timer_Program.o
 .text          0x00000092        0x0 ./MCAL/TWI/TWI_Program.o
 .text          0x00000092        0x0 ./MCAL/GLOBAL_INT/GLOB_INT_Program.o
 .text          0x00000092        0x0 ./MCAL/EXT_INT/EXT_INT_Program.o
 .text          0x00000092        0x0 ./MCAL/DIO/DIO_Program.o
 .text          0x00000092        0x0 ./MCAL/ADC/ADC_Program.o
 .text          0x00000092        0x0 ./HAL/SERVO/SERVO.o
 .text          0x00000092        0x0 ./HAL/LCD/LCD_Program.o
 .text          0x00000092        0x0 ./HAL/KEYPAD/KPD_Program.o
 .text          0x00000092        0x0 ./HAL/EEPROM/EEPROM_Program.o
 .text          0x00000092        0x0 ./main.o
 .text          0x00000092        0x0 d:/mo morsy/iti_embedded/imt tools/sdk/imt_sdk_win_64/winavr/bin/../lib/gcc/avr/4.3.3/avr5\libgcc.a(_mulsi3.o)
 .text          0x00000092        0x0 d:/mo morsy/iti_embedded/imt tools/sdk/imt_sdk_win_64/winavr/bin/../lib/gcc/avr/4.3.3/avr5\libgcc.a(_udivmodhi4.o)
 .text          0x00000092        0x0 d:/mo morsy/iti_embedded/imt tools/sdk/imt_sdk_win_64/winavr/bin/../lib/gcc/avr/4.3.3/avr5\libgcc.a(_udivmodsi4.o)
 .text          0x00000092        0x0 d:/mo morsy/iti_embedded/imt tools/sdk/imt_sdk_win_64/winavr/bin/../lib/gcc/avr/4.3.3/avr5\libgcc.a(_exit.o)
 .text          0x00000092        0x0 d:/mo morsy/iti_embedded/imt tools/sdk/imt_sdk_win_64/winavr/bin/../lib/gcc/avr/4.3.3/avr5\libgcc.a(_copy_data.o)
 .text          0x00000092        0x0 d:/mo morsy/iti_embedded/imt tools/sdk/imt_sdk_win_64/winavr/bin/../lib/gcc/avr/4.3.3/avr5\libgcc.a(_clear_bss.o)
 .text          0x00000092       0x58 d:/mo morsy/iti_embedded/imt tools/sdk/imt_sdk_win_64/winavr/bin/../lib/gcc/avr/4.3.3/avr5\libgcc.a(_fixunssfsi.o)
                0x00000092                __fixunssfsi
 .text          0x000000ea      0x354 d:/mo morsy/iti_embedded/imt tools/sdk/imt_sdk_win_64/winavr/bin/../lib/gcc/avr/4.3.3/avr5\libgcc.a(_addsub_sf.o)
                0x00000382                __subsf3
                0x000003e4                __addsf3
 .text          0x0000043e      0x1f4 d:/mo morsy/iti_embedded/imt tools/sdk/imt_sdk_win_64/winavr/bin/../lib/gcc/avr/4.3.3/avr5\libgcc.a(_mul_sf.o)
                0x0000043e                __mulsf3
 .text          0x00000632       0x60 d:/mo morsy/iti_embedded/imt tools/sdk/imt_sdk_win_64/winavr/bin/../lib/gcc/avr/4.3.3/avr5\libgcc.a(_gt_sf.o)
                0x00000632                __gtsf2
 .text          0x00000692       0x60 d:/mo morsy/iti_embedded/imt tools/sdk/imt_sdk_win_64/winavr/bin/../lib/gcc/avr/4.3.3/avr5\libgcc.a(_ge_sf.o)
                0x00000692                __gesf2
 .text          0x000006f2       0x60 d:/mo morsy/iti_embedded/imt tools/sdk/imt_sdk_win_64/winavr/bin/../lib/gcc/avr/4.3.3/avr5\libgcc.a(_lt_sf.o)
                0x000006f2                __ltsf2
 .text          0x00000752       0xa8 d:/mo morsy/iti_embedded/imt tools/sdk/imt_sdk_win_64/winavr/bin/../lib/gcc/avr/4.3.3/avr5\libgcc.a(_sf_to_si.o)
                0x00000752                __fixsfsi
 .text          0x000007fa        0x0 d:/mo morsy/iti_embedded/imt tools/sdk/imt_sdk_win_64/winavr/bin/../lib/gcc/avr/4.3.3/avr5\libgcc.a(_thenan_sf.o)
 .text          0x000007fa        0x0 d:/mo morsy/iti_embedded/imt tools/sdk/imt_sdk_win_64/winavr/bin/../lib/gcc/avr/4.3.3/avr5\libgcc.a(_prologue.o)
 .text          0x000007fa        0x0 d:/mo morsy/iti_embedded/imt tools/sdk/imt_sdk_win_64/winavr/bin/../lib/gcc/avr/4.3.3/avr5\libgcc.a(_epilogue.o)
 .text          0x000007fa      0x1aa d:/mo morsy/iti_embedded/imt tools/sdk/imt_sdk_win_64/winavr/bin/../lib/gcc/avr/4.3.3/avr5\libgcc.a(_pack_sf.o)
                0x000007fa                __pack_f
 .text          0x000009a4       0xf0 d:/mo morsy/iti_embedded/imt tools/sdk/imt_sdk_win_64/winavr/bin/../lib/gcc/avr/4.3.3/avr5\libgcc.a(_unpack_sf.o)
                0x000009a4                __unpack_f
 .text          0x00000a94       0xb2 d:/mo morsy/iti_embedded/imt tools/sdk/imt_sdk_win_64/winavr/bin/../lib/gcc/avr/4.3.3/avr5\libgcc.a(_fpcmp_parts_sf.o)
                0x00000a94                __fpcmp_parts_f
                0x00000b46                . = ALIGN (0x2)
 *(.text.*)
 .text.app_init
                0x00000b46       0x86 ./app/Service.o
                0x00000b46                app_init
 .text.welcome_message
                0x00000bcc       0x2a ./app/Service.o
                0x00000bcc                welcome_message
 .text.get_input
                0x00000bf6      0x154 ./app/Service.o
                0x00000bf6                get_input
 .text.compare  0x00000d4a       0x86 ./app/Service.o
                0x00000d4a                compare
 .text.find_next_empty_user_slot
                0x00000dd0       0x4e ./app/Service.o
                0x00000dd0                find_next_empty_user_slot
 .text.store_credentials
                0x00000e1e       0xd6 ./app/Service.o
                0x00000e1e                store_credentials
 .text.sign_up  0x00000ef4      0x29c ./app/Service.o
                0x00000ef4                sign_up
 .text.check_credentials
                0x00001190      0x134 ./app/Service.o
                0x00001190                check_credentials
 .text.log_in   0x000012c4      0x3ac ./app/Service.o
                0x000012c4                log_in
 .text.MUART_voidInit
                0x00001670       0x86 ./MCAL/UART/UART_prog.o
                0x00001670                MUART_voidInit
 .text.MUART_voidSendData
                0x000016f6       0x34 ./MCAL/UART/UART_prog.o
                0x000016f6                MUART_voidSendData
 .text.MUART_u8ReceiveData
                0x0000172a       0x1e ./MCAL/UART/UART_prog.o
                0x0000172a                MUART_u8ReceiveData
 .text.MUART_voidSendString
                0x00001748       0x3e ./MCAL/UART/UART_prog.o
                0x00001748                MUART_voidSendString
 .text.TIMER0_init
                0x00001786       0x34 ./MCAL/Timer/Timer_Program.o
                0x00001786                TIMER0_init
 .text.TIMER0_Start
                0x000017ba       0x1c ./MCAL/Timer/Timer_Program.o
                0x000017ba                TIMER0_Start
 .text.FAST_PWM_MODE_0
                0x000017d6       0x2a ./MCAL/Timer/Timer_Program.o
                0x000017d6                FAST_PWM_MODE_0
 .text.TIMER0_IntrrupetEnable_OV
                0x00001800       0x1c ./MCAL/Timer/Timer_Program.o
                0x00001800                TIMER0_IntrrupetEnable_OV
 .text.TIMER0_IntrrupetDisable_OV
                0x0000181c       0x1c ./MCAL/Timer/Timer_Program.o
                0x0000181c                TIMER0_IntrrupetDisable_OV
 .text.TIMER0_IntrrupetEnable_OC
                0x00001838       0x1c ./MCAL/Timer/Timer_Program.o
                0x00001838                TIMER0_IntrrupetEnable_OC
 .text.TIMER0_IntrrupetDisable_OC
                0x00001854       0x1c ./MCAL/Timer/Timer_Program.o
                0x00001854                TIMER0_IntrrupetDisable_OC
 .text.TIMER0_Stop
                0x00001870       0x14 ./MCAL/Timer/Timer_Program.o
                0x00001870                TIMER0_Stop
 .text.TIMER0_Preload
                0x00001884       0x1c ./MCAL/Timer/Timer_Program.o
                0x00001884                TIMER0_Preload
 .text.TIMER0_OC_Value
                0x000018a0       0x1c ./MCAL/Timer/Timer_Program.o
                0x000018a0                TIMER0_OC_Value
 .text.vTIMER1_INIT
                0x000018bc       0x46 ./MCAL/Timer/Timer_Program.o
                0x000018bc                vTIMER1_INIT
 .text.Timer1_OCRA1Mode
                0x00001902       0x98 ./MCAL/Timer/Timer_Program.o
                0x00001902                Timer1_OCRA1Mode
 .text.Timer1_OCRB1Mode
                0x0000199a       0x98 ./MCAL/Timer/Timer_Program.o
                0x0000199a                Timer1_OCRB1Mode
 .text.vTIMER1_START
                0x00001a32       0x2a ./MCAL/Timer/Timer_Program.o
                0x00001a32                vTIMER1_START
 .text.vTIMER1_STOP
                0x00001a5c       0x38 ./MCAL/Timer/Timer_Program.o
                0x00001a5c                vTIMER1_STOP
 .text.vTIMER1_preload
                0x00001a94       0x22 ./MCAL/Timer/Timer_Program.o
                0x00001a94                vTIMER1_preload
 .text.vTIMER1_Compare_OCR1A
                0x00001ab6       0x24 ./MCAL/Timer/Timer_Program.o
                0x00001ab6                vTIMER1_Compare_OCR1A
 .text.vTIMER1_Compare_OCRB1
                0x00001ada       0x24 ./MCAL/Timer/Timer_Program.o
                0x00001ada                vTIMER1_Compare_OCRB1
 .text.vTIMER1_ICR1
                0x00001afe       0x24 ./MCAL/Timer/Timer_Program.o
                0x00001afe                vTIMER1_ICR1
 .text.Timer1_InputCaptureEdge
                0x00001b22       0x3e ./MCAL/Timer/Timer_Program.o
                0x00001b22                Timer1_InputCaptureEdge
 .text.Timer1_ICR_InterruptEnable
                0x00001b60       0x1c ./MCAL/Timer/Timer_Program.o
                0x00001b60                Timer1_ICR_InterruptEnable
 .text.Timer1_ICR_InterruptDisable
                0x00001b7c       0x1c ./MCAL/Timer/Timer_Program.o
                0x00001b7c                Timer1_ICR_InterruptDisable
 .text.Timer1_OVF_InterruptEnable
                0x00001b98       0x1c ./MCAL/Timer/Timer_Program.o
                0x00001b98                Timer1_OVF_InterruptEnable
 .text.Timer1_OVF_InterruptDisable
                0x00001bb4       0x1c ./MCAL/Timer/Timer_Program.o
                0x00001bb4                Timer1_OVF_InterruptDisable
 .text.Timer1_OCA_InterruptEnable
                0x00001bd0       0x1c ./MCAL/Timer/Timer_Program.o
                0x00001bd0                Timer1_OCA_InterruptEnable
 .text.Timer1_OCA_InterruptDisable
                0x00001bec       0x1c ./MCAL/Timer/Timer_Program.o
                0x00001bec                Timer1_OCA_InterruptDisable
 .text.Timer1_OCB_InterruptEnable
                0x00001c08       0x1c ./MCAL/Timer/Timer_Program.o
                0x00001c08                Timer1_OCB_InterruptEnable
 .text.Timer1_OCB_InterruptDisable
                0x00001c24       0x1c ./MCAL/Timer/Timer_Program.o
                0x00001c24                Timer1_OCB_InterruptDisable
 .text.vTIMER2_Init
                0x00001c40       0x2e ./MCAL/Timer/Timer_Program.o
                0x00001c40                vTIMER2_Init
 .text.vTIMER2_Start
                0x00001c6e       0x14 ./MCAL/Timer/Timer_Program.o
                0x00001c6e                vTIMER2_Start
 .text.vTIMER2_Stop
                0x00001c82       0x38 ./MCAL/Timer/Timer_Program.o
                0x00001c82                vTIMER2_Stop
 .text.vTimer2_SetPreLoad
                0x00001cba       0x1c ./MCAL/Timer/Timer_Program.o
                0x00001cba                vTimer2_SetPreLoad
 .text.vTimer2_SetOCRValue
                0x00001cd6       0x1c ./MCAL/Timer/Timer_Program.o
                0x00001cd6                vTimer2_SetOCRValue
 .text.vTimer2_SetMode
                0x00001cf2       0xce ./MCAL/Timer/Timer_Program.o
                0x00001cf2                vTimer2_SetMode
 .text.vTimer2_OC2_SetMode
                0x00001dc0       0xce ./MCAL/Timer/Timer_Program.o
                0x00001dc0                vTimer2_OC2_SetMode
 .text.vTimer2_OVF_InterruptEnable
                0x00001e8e       0x1c ./MCAL/Timer/Timer_Program.o
                0x00001e8e                vTimer2_OVF_InterruptEnable
 .text.vTimer2_OVF_InterruptDisable
                0x00001eaa       0x1c ./MCAL/Timer/Timer_Program.o
                0x00001eaa                vTimer2_OVF_InterruptDisable
 .text.vTimer2_OCM_InterruptEnable
                0x00001ec6       0x1c ./MCAL/Timer/Timer_Program.o
                0x00001ec6                vTimer2_OCM_InterruptEnable
 .text.vTimer2_OCM_InterruptDisable
                0x00001ee2       0x1c ./MCAL/Timer/Timer_Program.o
                0x00001ee2                vTimer2_OCM_InterruptDisable
 .text.vTimer2_PrescalerSelect
                0x00001efe      0x1b4 ./MCAL/Timer/Timer_Program.o
                0x00001efe                vTimer2_PrescalerSelect
 .text.TWI_voidMasterInit
                0x000020b2       0x56 ./MCAL/TWI/TWI_Program.o
                0x000020b2                TWI_voidMasterInit
 .text.TWI_voidSlaveInit
                0x00002108       0x2c ./MCAL/TWI/TWI_Program.o
                0x00002108                TWI_voidSlaveInit
 .text.TWI_SendStartCondition
                0x00002134       0x54 ./MCAL/TWI/TWI_Program.o
                0x00002134                TWI_SendStartCondition
 .text.TWI_SendRepeatedStart
                0x00002188       0x54 ./MCAL/TWI/TWI_Program.o
                0x00002188                TWI_SendRepeatedStart
 .text.TWI_SendSlaveAddressWithWrite
                0x000021dc       0x70 ./MCAL/TWI/TWI_Program.o
                0x000021dc                TWI_SendSlaveAddressWithWrite
 .text.TWI_SendSlaveAddressWithRead
                0x0000224c       0x70 ./MCAL/TWI/TWI_Program.o
                0x0000224c                TWI_SendSlaveAddressWithRead
 .text.TWI_MasterWriteDataByte
                0x000022bc       0x52 ./MCAL/TWI/TWI_Program.o
                0x000022bc                TWI_MasterWriteDataByte
 .text.TWI_MasterReadDataByte
                0x0000230e       0x6c ./MCAL/TWI/TWI_Program.o
                0x0000230e                TWI_MasterReadDataByte
 .text.TWI_SendStopCondition
                0x0000237a       0x2a ./MCAL/TWI/TWI_Program.o
                0x0000237a                TWI_SendStopCondition
 .text.GLOB_INT_Enable
                0x000023a4       0x1c ./MCAL/GLOBAL_INT/GLOB_INT_Program.o
                0x000023a4                GLOB_INT_Enable
 .text.GLOB_INT_Disable
                0x000023c0       0x1c ./MCAL/GLOBAL_INT/GLOB_INT_Program.o
                0x000023c0                GLOB_INT_Disable
 .text.EXT_INT_Enable
                0x000023dc       0x6e ./MCAL/EXT_INT/EXT_INT_Program.o
                0x000023dc                EXT_INT_Enable
 .text.EXT_INT_Disable
                0x0000244a       0x6e ./MCAL/EXT_INT/EXT_INT_Program.o
                0x0000244a                EXT_INT_Disable
 .text.EXT_INT_setTriggerType
                0x000024b8      0x200 ./MCAL/EXT_INT/EXT_INT_Program.o
                0x000024b8                EXT_INT_setTriggerType
 .text.vSet_Pin_Direction
                0x000026b8      0x210 ./MCAL/DIO/DIO_Program.o
                0x000026b8                vSet_Pin_Direction
 .text.vSet_Pin_OUTPUTvalue
                0x000028c8      0x210 ./MCAL/DIO/DIO_Program.o
                0x000028c8                vSet_Pin_OUTPUTvalue
 .text.vTOGGLE_Pin
                0x00002ad8       0xfa ./MCAL/DIO/DIO_Program.o
                0x00002ad8                vTOGGLE_Pin
 .text.vSet_Port_Direction
                0x00002bd2      0x10a ./MCAL/DIO/DIO_Program.o
                0x00002bd2                vSet_Port_Direction
 .text.vSet_Port_OUTPUTvalue
                0x00002cdc       0x82 ./MCAL/DIO/DIO_Program.o
                0x00002cdc                vSet_Port_OUTPUTvalue
 .text.vGIT_PIN
                0x00002d5e       0xf4 ./MCAL/DIO/DIO_Program.o
                0x00002d5e                vGIT_PIN
 .text.vSetInernalPullUp
                0x00002e52       0x22 ./MCAL/DIO/DIO_Program.o
                0x00002e52                vSetInernalPullUp
 .text.MADC_VoidInit
                0x00002e74       0x62 ./MCAL/ADC/ADC_Program.o
                0x00002e74                MADC_VoidInit
 .text.MADC_u8StartConversion
                0x00002ed6       0x7a ./MCAL/ADC/ADC_Program.o
                0x00002ed6                MADC_u8StartConversion
 .text.servo_angle
                0x00002f50       0x5c ./HAL/SERVO/SERVO.o
                0x00002f50                servo_angle
 .text.SERVO_app
                0x00002fac       0x2a ./HAL/SERVO/SERVO.o
                0x00002fac                SERVO_app
 .text.vLCD_init
                0x00002fd6      0x3f4 ./HAL/LCD/LCD_Program.o
                0x00002fd6                vLCD_init
 .text.vLCD_sendCOMMAND
                0x000033ca      0x220 ./HAL/LCD/LCD_Program.o
                0x000033ca                vLCD_sendCOMMAND
 .text.vLCD_sendDATA
                0x000035ea      0x220 ./HAL/LCD/LCD_Program.o
                0x000035ea                vLCD_sendDATA
 .text.vLCD_Send_String
                0x0000380a       0x6c ./HAL/LCD/LCD_Program.o
                0x0000380a                vLCD_Send_String
 .text.CLCD_voidSendNumber
                0x00003876       0x22 ./HAL/LCD/LCD_Program.o
                0x00003876                CLCD_voidSendNumber
 .text.vLCD_Clear
                0x00003898      0x110 ./HAL/LCD/LCD_Program.o
                0x00003898                vLCD_Clear
 .text.vLCD_GO_TO
                0x000039a8       0x34 ./HAL/LCD/LCD_Program.o
                0x000039a8                vLCD_GO_TO
 .text.vLCD_Convert_numTOchar
                0x000039dc       0xa8 ./HAL/LCD/LCD_Program.o
                0x000039dc                vLCD_Convert_numTOchar
 .text.vKEYPAD_init
                0x00003a84       0xae ./HAL/KEYPAD/KPD_Program.o
                0x00003a84                vKEYPAD_init
 .text.u8KEY_PRESSED
                0x00003b32      0x102 ./HAL/KEYPAD/KPD_Program.o
                0x00003b32                u8KEY_PRESSED
 .text.EEPROM_voidSendDataByte
                0x00003c34      0x136 ./HAL/EEPROM/EEPROM_Program.o
                0x00003c34                EEPROM_voidSendDataByte
 .text.EEPROM_u8ReadDataByte
                0x00003d6a      0x144 ./HAL/EEPROM/EEPROM_Program.o
                0x00003d6a                EEPROM_u8ReadDataByte
 .text.main     0x00003eae     0x1e5a ./main.o
                0x00003eae                main
 .text.libgcc   0x00005d08       0x3e d:/mo morsy/iti_embedded/imt tools/sdk/imt_sdk_win_64/winavr/bin/../lib/gcc/avr/4.3.3/avr5\libgcc.a(_mulsi3.o)
                0x00005d08                __mulsi3
 .text.libgcc   0x00005d46       0x28 d:/mo morsy/iti_embedded/imt tools/sdk/imt_sdk_win_64/winavr/bin/../lib/gcc/avr/4.3.3/avr5\libgcc.a(_udivmodhi4.o)
                0x00005d46                __udivmodhi4
 .text.libgcc   0x00005d6e       0x44 d:/mo morsy/iti_embedded/imt tools/sdk/imt_sdk_win_64/winavr/bin/../lib/gcc/avr/4.3.3/avr5\libgcc.a(_udivmodsi4.o)
                0x00005d6e                __udivmodsi4
 .text.libgcc   0x00005db2        0x0 d:/mo morsy/iti_embedded/imt tools/sdk/imt_sdk_win_64/winavr/bin/../lib/gcc/avr/4.3.3/avr5\libgcc.a(_exit.o)
 .text.libgcc   0x00005db2        0x0 d:/mo morsy/iti_embedded/imt tools/sdk/imt_sdk_win_64/winavr/bin/../lib/gcc/avr/4.3.3/avr5\libgcc.a(_copy_data.o)
 .text.libgcc   0x00005db2        0x0 d:/mo morsy/iti_embedded/imt tools/sdk/imt_sdk_win_64/winavr/bin/../lib/gcc/avr/4.3.3/avr5\libgcc.a(_clear_bss.o)
 .text.libgcc   0x00005db2       0x38 d:/mo morsy/iti_embedded/imt tools/sdk/imt_sdk_win_64/winavr/bin/../lib/gcc/avr/4.3.3/avr5\libgcc.a(_prologue.o)
                0x00005db2                __prologue_saves__
 .text.libgcc   0x00005dea       0x36 d:/mo morsy/iti_embedded/imt tools/sdk/imt_sdk_win_64/winavr/bin/../lib/gcc/avr/4.3.3/avr5\libgcc.a(_epilogue.o)
                0x00005dea                __epilogue_restores__
                0x00005e20                . = ALIGN (0x2)
 *(.fini9)
 .fini9         0x00005e20        0x0 d:/mo morsy/iti_embedded/imt tools/sdk/imt_sdk_win_64/winavr/bin/../lib/gcc/avr/4.3.3/avr5\libgcc.a(_exit.o)
                0x00005e20                exit
                0x00005e20                _exit
 *(.fini9)
 *(.fini8)
 *(.fini8)
 *(.fini7)
 *(.fini7)
 *(.fini6)
 *(.fini6)
 *(.fini5)
 *(.fini5)
 *(.fini4)
 *(.fini4)
 *(.fini3)
 *(.fini3)
 *(.fini2)
 *(.fini2)
 *(.fini1)
 *(.fini1)
 *(.fini0)
 .fini0         0x00005e20        0x4 d:/mo morsy/iti_embedded/imt tools/sdk/imt_sdk_win_64/winavr/bin/../lib/gcc/avr/4.3.3/avr5\libgcc.a(_exit.o)
 *(.fini0)
                0x00005e24                _etext = .

.data           0x00800060      0x20a load address 0x00005e24
                0x00800060                PROVIDE (__data_start, .)
 *(.data)
 .data          0x00800060        0x0 d:/mo morsy/iti_embedded/imt tools/sdk/imt_sdk_win_64/winavr/bin/../lib/gcc/avr/4.3.3/../../../../avr/lib/avr5/crtm32.o
 .data          0x00800060       0xbb ./app/Service.o
 .data          0x0080011b        0x0 ./MCAL/UART/UART_prog.o
 .data          0x0080011b        0x0 ./MCAL/Timer/Timer_Program.o
 .data          0x0080011b        0x0 ./MCAL/TWI/TWI_Program.o
 .data          0x0080011b        0x0 ./MCAL/GLOBAL_INT/GLOB_INT_Program.o
 .data          0x0080011b        0x0 ./MCAL/EXT_INT/EXT_INT_Program.o
 .data          0x0080011b        0x0 ./MCAL/DIO/DIO_Program.o
 .data          0x0080011b        0x0 ./MCAL/ADC/ADC_Program.o
 .data          0x0080011b        0x0 ./HAL/SERVO/SERVO.o
 .data          0x0080011b        0x0 ./HAL/LCD/LCD_Program.o
 .data          0x0080011b        0x0 ./HAL/KEYPAD/KPD_Program.o
 .data          0x0080011b        0x0 ./HAL/EEPROM/EEPROM_Program.o
 .data          0x0080011b      0x129 ./main.o
 .data          0x00800244        0x0 d:/mo morsy/iti_embedded/imt tools/sdk/imt_sdk_win_64/winavr/bin/../lib/gcc/avr/4.3.3/avr5\libgcc.a(_mulsi3.o)
 .data          0x00800244        0x0 d:/mo morsy/iti_embedded/imt tools/sdk/imt_sdk_win_64/winavr/bin/../lib/gcc/avr/4.3.3/avr5\libgcc.a(_udivmodhi4.o)
 .data          0x00800244        0x0 d:/mo morsy/iti_embedded/imt tools/sdk/imt_sdk_win_64/winavr/bin/../lib/gcc/avr/4.3.3/avr5\libgcc.a(_udivmodsi4.o)
 .data          0x00800244        0x0 d:/mo morsy/iti_embedded/imt tools/sdk/imt_sdk_win_64/winavr/bin/../lib/gcc/avr/4.3.3/avr5\libgcc.a(_exit.o)
 .data          0x00800244        0x0 d:/mo morsy/iti_embedded/imt tools/sdk/imt_sdk_win_64/winavr/bin/../lib/gcc/avr/4.3.3/avr5\libgcc.a(_copy_data.o)
 .data          0x00800244        0x0 d:/mo morsy/iti_embedded/imt tools/sdk/imt_sdk_win_64/winavr/bin/../lib/gcc/avr/4.3.3/avr5\libgcc.a(_clear_bss.o)
 .data          0x00800244        0x0 d:/mo morsy/iti_embedded/imt tools/sdk/imt_sdk_win_64/winavr/bin/../lib/gcc/avr/4.3.3/avr5\libgcc.a(_fixunssfsi.o)
 .data          0x00800244        0x0 d:/mo morsy/iti_embedded/imt tools/sdk/imt_sdk_win_64/winavr/bin/../lib/gcc/avr/4.3.3/avr5\libgcc.a(_addsub_sf.o)
 .data          0x00800244        0x0 d:/mo morsy/iti_embedded/imt tools/sdk/imt_sdk_win_64/winavr/bin/../lib/gcc/avr/4.3.3/avr5\libgcc.a(_mul_sf.o)
 .data          0x00800244        0x0 d:/mo morsy/iti_embedded/imt tools/sdk/imt_sdk_win_64/winavr/bin/../lib/gcc/avr/4.3.3/avr5\libgcc.a(_gt_sf.o)
 .data          0x00800244        0x0 d:/mo morsy/iti_embedded/imt tools/sdk/imt_sdk_win_64/winavr/bin/../lib/gcc/avr/4.3.3/avr5\libgcc.a(_ge_sf.o)
 .data          0x00800244        0x0 d:/mo morsy/iti_embedded/imt tools/sdk/imt_sdk_win_64/winavr/bin/../lib/gcc/avr/4.3.3/avr5\libgcc.a(_lt_sf.o)
 .data          0x00800244        0x0 d:/mo morsy/iti_embedded/imt tools/sdk/imt_sdk_win_64/winavr/bin/../lib/gcc/avr/4.3.3/avr5\libgcc.a(_sf_to_si.o)
 .data          0x00800244        0x8 d:/mo morsy/iti_embedded/imt tools/sdk/imt_sdk_win_64/winavr/bin/../lib/gcc/avr/4.3.3/avr5\libgcc.a(_thenan_sf.o)
                0x00800244                __thenan_sf
 .data          0x0080024c        0x0 d:/mo morsy/iti_embedded/imt tools/sdk/imt_sdk_win_64/winavr/bin/../lib/gcc/avr/4.3.3/avr5\libgcc.a(_prologue.o)
 .data          0x0080024c        0x0 d:/mo morsy/iti_embedded/imt tools/sdk/imt_sdk_win_64/winavr/bin/../lib/gcc/avr/4.3.3/avr5\libgcc.a(_epilogue.o)
 .data          0x0080024c        0x0 d:/mo morsy/iti_embedded/imt tools/sdk/imt_sdk_win_64/winavr/bin/../lib/gcc/avr/4.3.3/avr5\libgcc.a(_pack_sf.o)
 .data          0x0080024c        0x0 d:/mo morsy/iti_embedded/imt tools/sdk/imt_sdk_win_64/winavr/bin/../lib/gcc/avr/4.3.3/avr5\libgcc.a(_unpack_sf.o)
 .data          0x0080024c        0x0 d:/mo morsy/iti_embedded/imt tools/sdk/imt_sdk_win_64/winavr/bin/../lib/gcc/avr/4.3.3/avr5\libgcc.a(_fpcmp_parts_sf.o)
 *(.data*)
 .data.COL_PORT
                0x0080024c        0x4 ./HAL/KEYPAD/KPD_Program.o
                0x0080024c                COL_PORT
 .data.COL_PIN  0x00800250        0x4 ./HAL/KEYPAD/KPD_Program.o
                0x00800250                COL_PIN
 .data.ROW_PIN  0x00800254        0x4 ./HAL/KEYPAD/KPD_Program.o
                0x00800254                ROW_PIN
 .data.key_p    0x00800258       0x10 ./HAL/KEYPAD/KPD_Program.o
                0x00800258                key_p
 .data.trails   0x00800268        0x1 ./main.o
                0x00800268                trails
 *(.rodata)
 *(.rodata*)
 *(.gnu.linkonce.d*)
                0x0080026a                . = ALIGN (0x2)
 *fill*         0x00800269        0x1 00
                0x0080026a                _edata = .
                0x0080026a                PROVIDE (__data_end, .)

.bss            0x0080026a        0x5
                0x0080026a                PROVIDE (__bss_start, .)
 *(.bss)
 .bss           0x0080026a        0x0 d:/mo morsy/iti_embedded/imt tools/sdk/imt_sdk_win_64/winavr/bin/../lib/gcc/avr/4.3.3/../../../../avr/lib/avr5/crtm32.o
 .bss           0x0080026a        0x0 ./app/Service.o
 .bss           0x0080026a        0x0 ./MCAL/UART/UART_prog.o
 .bss           0x0080026a        0x0 ./MCAL/Timer/Timer_Program.o
 .bss           0x0080026a        0x0 ./MCAL/TWI/TWI_Program.o
 .bss           0x0080026a        0x0 ./MCAL/GLOBAL_INT/GLOB_INT_Program.o
 .bss           0x0080026a        0x0 ./MCAL/EXT_INT/EXT_INT_Program.o
 .bss           0x0080026a        0x0 ./MCAL/DIO/DIO_Program.o
 .bss           0x0080026a        0x0 ./MCAL/ADC/ADC_Program.o
 .bss           0x0080026a        0x0 ./HAL/SERVO/SERVO.o
 .bss           0x0080026a        0x0 ./HAL/LCD/LCD_Program.o
 .bss           0x0080026a        0x0 ./HAL/KEYPAD/KPD_Program.o
 .bss           0x0080026a        0x0 ./HAL/EEPROM/EEPROM_Program.o
 .bss           0x0080026a        0x0 ./main.o
 .bss           0x0080026a        0x0 d:/mo morsy/iti_embedded/imt tools/sdk/imt_sdk_win_64/winavr/bin/../lib/gcc/avr/4.3.3/avr5\libgcc.a(_mulsi3.o)
 .bss           0x0080026a        0x0 d:/mo morsy/iti_embedded/imt tools/sdk/imt_sdk_win_64/winavr/bin/../lib/gcc/avr/4.3.3/avr5\libgcc.a(_udivmodhi4.o)
 .bss           0x0080026a        0x0 d:/mo morsy/iti_embedded/imt tools/sdk/imt_sdk_win_64/winavr/bin/../lib/gcc/avr/4.3.3/avr5\libgcc.a(_udivmodsi4.o)
 .bss           0x0080026a        0x0 d:/mo morsy/iti_embedded/imt tools/sdk/imt_sdk_win_64/winavr/bin/../lib/gcc/avr/4.3.3/avr5\libgcc.a(_exit.o)
 .bss           0x0080026a        0x0 d:/mo morsy/iti_embedded/imt tools/sdk/imt_sdk_win_64/winavr/bin/../lib/gcc/avr/4.3.3/avr5\libgcc.a(_copy_data.o)
 .bss           0x0080026a        0x0 d:/mo morsy/iti_embedded/imt tools/sdk/imt_sdk_win_64/winavr/bin/../lib/gcc/avr/4.3.3/avr5\libgcc.a(_clear_bss.o)
 .bss           0x0080026a        0x0 d:/mo morsy/iti_embedded/imt tools/sdk/imt_sdk_win_64/winavr/bin/../lib/gcc/avr/4.3.3/avr5\libgcc.a(_fixunssfsi.o)
 .bss           0x0080026a        0x0 d:/mo morsy/iti_embedded/imt tools/sdk/imt_sdk_win_64/winavr/bin/../lib/gcc/avr/4.3.3/avr5\libgcc.a(_addsub_sf.o)
 .bss           0x0080026a        0x0 d:/mo morsy/iti_embedded/imt tools/sdk/imt_sdk_win_64/winavr/bin/../lib/gcc/avr/4.3.3/avr5\libgcc.a(_mul_sf.o)
 .bss           0x0080026a        0x0 d:/mo morsy/iti_embedded/imt tools/sdk/imt_sdk_win_64/winavr/bin/../lib/gcc/avr/4.3.3/avr5\libgcc.a(_gt_sf.o)
 .bss           0x0080026a        0x0 d:/mo morsy/iti_embedded/imt tools/sdk/imt_sdk_win_64/winavr/bin/../lib/gcc/avr/4.3.3/avr5\libgcc.a(_ge_sf.o)
 .bss           0x0080026a        0x0 d:/mo morsy/iti_embedded/imt tools/sdk/imt_sdk_win_64/winavr/bin/../lib/gcc/avr/4.3.3/avr5\libgcc.a(_lt_sf.o)
 .bss           0x0080026a        0x0 d:/mo morsy/iti_embedded/imt tools/sdk/imt_sdk_win_64/winavr/bin/../lib/gcc/avr/4.3.3/avr5\libgcc.a(_sf_to_si.o)
 .bss           0x0080026a        0x0 d:/mo morsy/iti_embedded/imt tools/sdk/imt_sdk_win_64/winavr/bin/../lib/gcc/avr/4.3.3/avr5\libgcc.a(_thenan_sf.o)
 .bss           0x0080026a        0x0 d:/mo morsy/iti_embedded/imt tools/sdk/imt_sdk_win_64/winavr/bin/../lib/gcc/avr/4.3.3/avr5\libgcc.a(_prologue.o)
 .bss           0x0080026a        0x0 d:/mo morsy/iti_embedded/imt tools/sdk/imt_sdk_win_64/winavr/bin/../lib/gcc/avr/4.3.3/avr5\libgcc.a(_epilogue.o)
 .bss           0x0080026a        0x0 d:/mo morsy/iti_embedded/imt tools/sdk/imt_sdk_win_64/winavr/bin/../lib/gcc/avr/4.3.3/avr5\libgcc.a(_pack_sf.o)
 .bss           0x0080026a        0x0 d:/mo morsy/iti_embedded/imt tools/sdk/imt_sdk_win_64/winavr/bin/../lib/gcc/avr/4.3.3/avr5\libgcc.a(_unpack_sf.o)
 .bss           0x0080026a        0x0 d:/mo morsy/iti_embedded/imt tools/sdk/imt_sdk_win_64/winavr/bin/../lib/gcc/avr/4.3.3/avr5\libgcc.a(_fpcmp_parts_sf.o)
 *(.bss*)
 .bss.number_of_trials.1603
                0x0080026a        0x1 ./app/Service.o
 .bss.ROW_PORT  0x0080026b        0x4 ./HAL/KEYPAD/KPD_Program.o
                0x0080026b                ROW_PORT
 *(COMMON)
                0x0080026f                PROVIDE (__bss_end, .)
                0x00005e24                __data_load_start = LOADADDR (.data)
                0x0000602e                __data_load_end = (__data_load_start + SIZEOF (.data))

.noinit         0x0080026f        0x0
                0x0080026f                PROVIDE (__noinit_start, .)
 *(.noinit*)
                0x0080026f                PROVIDE (__noinit_end, .)
                0x0080026f                _end = .
                0x0080026f                PROVIDE (__heap_start, .)

.eeprom         0x00810000        0x0
 *(.eeprom*)
                0x00810000                __eeprom_end = .

.fuse
 *(.fuse)
 *(.lfuse)
 *(.hfuse)
 *(.efuse)

.lock
 *(.lock*)

.signature
 *(.signature*)

.stab           0x00000000     0x612c
 *(.stab)
 .stab          0x00000000     0x102c ./app/Service.o
 .stab          0x0000102c      0x384 ./MCAL/UART/UART_prog.o
                                0x510 (size before relaxing)
 .stab          0x000013b0      0xcb4 ./MCAL/Timer/Timer_Program.o
                                0xcc0 (size before relaxing)
 .stab          0x00002064      0x690 ./MCAL/TWI/TWI_Program.o
                                0x69c (size before relaxing)
 .stab          0x000026f4      0x1b0 ./MCAL/GLOBAL_INT/GLOB_INT_Program.o
                                0x1bc (size before relaxing)
 .stab          0x000028a4      0x39c ./MCAL/EXT_INT/EXT_INT_Program.o
                                0x3a8 (size before relaxing)
 .stab          0x00002c40      0x594 ./MCAL/DIO/DIO_Program.o
                                0x5a0 (size before relaxing)
 .stab          0x000031d4      0x264 ./MCAL/ADC/ADC_Program.o
                                0x270 (size before relaxing)
 .stab          0x00003438      0x258 ./HAL/SERVO/SERVO.o
                                0x264 (size before relaxing)
 .stab          0x00003690      0xb70 ./HAL/LCD/LCD_Program.o
                                0xd08 (size before relaxing)
 .stab          0x00004200      0x384 ./HAL/KEYPAD/KPD_Program.o
                                0x390 (size before relaxing)
 .stab          0x00004584      0x48c ./HAL/EEPROM/EEPROM_Program.o
                                0x624 (size before relaxing)
 .stab          0x00004a10     0x171c ./main.o
                               0x18d8 (size before relaxing)

.stabstr        0x00000000     0x2283
 *(.stabstr)
 .stabstr       0x00000000     0x2283 ./app/Service.o

.stab.excl
 *(.stab.excl)

.stab.exclstr
 *(.stab.exclstr)

.stab.index
 *(.stab.index)

.stab.indexstr
 *(.stab.indexstr)

.comment
 *(.comment)

.debug
 *(.debug)

.line
 *(.line)

.debug_srcinfo
 *(.debug_srcinfo)

.debug_sfnames
 *(.debug_sfnames)

.debug_aranges  0x00000000      0x140
 *(.debug_aranges)
 .debug_aranges
                0x00000000       0x20 d:/mo morsy/iti_embedded/imt tools/sdk/imt_sdk_win_64/winavr/bin/../lib/gcc/avr/4.3.3/avr5\libgcc.a(_fixunssfsi.o)
 .debug_aranges
                0x00000020       0x20 d:/mo morsy/iti_embedded/imt tools/sdk/imt_sdk_win_64/winavr/bin/../lib/gcc/avr/4.3.3/avr5\libgcc.a(_addsub_sf.o)
 .debug_aranges
                0x00000040       0x20 d:/mo morsy/iti_embedded/imt tools/sdk/imt_sdk_win_64/winavr/bin/../lib/gcc/avr/4.3.3/avr5\libgcc.a(_mul_sf.o)
 .debug_aranges
                0x00000060       0x20 d:/mo morsy/iti_embedded/imt tools/sdk/imt_sdk_win_64/winavr/bin/../lib/gcc/avr/4.3.3/avr5\libgcc.a(_gt_sf.o)
 .debug_aranges
                0x00000080       0x20 d:/mo morsy/iti_embedded/imt tools/sdk/imt_sdk_win_64/winavr/bin/../lib/gcc/avr/4.3.3/avr5\libgcc.a(_ge_sf.o)
 .debug_aranges
                0x000000a0       0x20 d:/mo morsy/iti_embedded/imt tools/sdk/imt_sdk_win_64/winavr/bin/../lib/gcc/avr/4.3.3/avr5\libgcc.a(_lt_sf.o)
 .debug_aranges
                0x000000c0       0x20 d:/mo morsy/iti_embedded/imt tools/sdk/imt_sdk_win_64/winavr/bin/../lib/gcc/avr/4.3.3/avr5\libgcc.a(_sf_to_si.o)
 .debug_aranges
                0x000000e0       0x20 d:/mo morsy/iti_embedded/imt tools/sdk/imt_sdk_win_64/winavr/bin/../lib/gcc/avr/4.3.3/avr5\libgcc.a(_pack_sf.o)
 .debug_aranges
                0x00000100       0x20 d:/mo morsy/iti_embedded/imt tools/sdk/imt_sdk_win_64/winavr/bin/../lib/gcc/avr/4.3.3/avr5\libgcc.a(_unpack_sf.o)
 .debug_aranges
                0x00000120       0x20 d:/mo morsy/iti_embedded/imt tools/sdk/imt_sdk_win_64/winavr/bin/../lib/gcc/avr/4.3.3/avr5\libgcc.a(_fpcmp_parts_sf.o)

.debug_pubnames
                0x00000000      0x170
 *(.debug_pubnames)
 .debug_pubnames
                0x00000000       0x23 d:/mo morsy/iti_embedded/imt tools/sdk/imt_sdk_win_64/winavr/bin/../lib/gcc/avr/4.3.3/avr5\libgcc.a(_fixunssfsi.o)
 .debug_pubnames
                0x00000023       0x2c d:/mo morsy/iti_embedded/imt tools/sdk/imt_sdk_win_64/winavr/bin/../lib/gcc/avr/4.3.3/avr5\libgcc.a(_addsub_sf.o)
 .debug_pubnames
                0x0000004f       0x1f d:/mo morsy/iti_embedded/imt tools/sdk/imt_sdk_win_64/winavr/bin/../lib/gcc/avr/4.3.3/avr5\libgcc.a(_mul_sf.o)
 .debug_pubnames
                0x0000006e       0x1e d:/mo morsy/iti_embedded/imt tools/sdk/imt_sdk_win_64/winavr/bin/../lib/gcc/avr/4.3.3/avr5\libgcc.a(_gt_sf.o)
 .debug_pubnames
                0x0000008c       0x1e d:/mo morsy/iti_embedded/imt tools/sdk/imt_sdk_win_64/winavr/bin/../lib/gcc/avr/4.3.3/avr5\libgcc.a(_ge_sf.o)
 .debug_pubnames
                0x000000aa       0x1e d:/mo morsy/iti_embedded/imt tools/sdk/imt_sdk_win_64/winavr/bin/../lib/gcc/avr/4.3.3/avr5\libgcc.a(_lt_sf.o)
 .debug_pubnames
                0x000000c8       0x20 d:/mo morsy/iti_embedded/imt tools/sdk/imt_sdk_win_64/winavr/bin/../lib/gcc/avr/4.3.3/avr5\libgcc.a(_sf_to_si.o)
 .debug_pubnames
                0x000000e8       0x22 d:/mo morsy/iti_embedded/imt tools/sdk/imt_sdk_win_64/winavr/bin/../lib/gcc/avr/4.3.3/avr5\libgcc.a(_thenan_sf.o)
 .debug_pubnames
                0x0000010a       0x1f d:/mo morsy/iti_embedded/imt tools/sdk/imt_sdk_win_64/winavr/bin/../lib/gcc/avr/4.3.3/avr5\libgcc.a(_pack_sf.o)
 .debug_pubnames
                0x00000129       0x21 d:/mo morsy/iti_embedded/imt tools/sdk/imt_sdk_win_64/winavr/bin/../lib/gcc/avr/4.3.3/avr5\libgcc.a(_unpack_sf.o)
 .debug_pubnames
                0x0000014a       0x26 d:/mo morsy/iti_embedded/imt tools/sdk/imt_sdk_win_64/winavr/bin/../lib/gcc/avr/4.3.3/avr5\libgcc.a(_fpcmp_parts_sf.o)

.debug_info     0x00000000     0x1c49
 *(.debug_info)
 .debug_info    0x00000000       0xb1 d:/mo morsy/iti_embedded/imt tools/sdk/imt_sdk_win_64/winavr/bin/../lib/gcc/avr/4.3.3/avr5\libgcc.a(_fixunssfsi.o)
 .debug_info    0x000000b1      0x47a d:/mo morsy/iti_embedded/imt tools/sdk/imt_sdk_win_64/winavr/bin/../lib/gcc/avr/4.3.3/avr5\libgcc.a(_addsub_sf.o)
 .debug_info    0x0000052b      0x485 d:/mo morsy/iti_embedded/imt tools/sdk/imt_sdk_win_64/winavr/bin/../lib/gcc/avr/4.3.3/avr5\libgcc.a(_mul_sf.o)
 .debug_info    0x000009b0      0x27f d:/mo morsy/iti_embedded/imt tools/sdk/imt_sdk_win_64/winavr/bin/../lib/gcc/avr/4.3.3/avr5\libgcc.a(_gt_sf.o)
 .debug_info    0x00000c2f      0x27f d:/mo morsy/iti_embedded/imt tools/sdk/imt_sdk_win_64/winavr/bin/../lib/gcc/avr/4.3.3/avr5\libgcc.a(_ge_sf.o)
 .debug_info    0x00000eae      0x27f d:/mo morsy/iti_embedded/imt tools/sdk/imt_sdk_win_64/winavr/bin/../lib/gcc/avr/4.3.3/avr5\libgcc.a(_lt_sf.o)
 .debug_info    0x0000112d      0x2b0 d:/mo morsy/iti_embedded/imt tools/sdk/imt_sdk_win_64/winavr/bin/../lib/gcc/avr/4.3.3/avr5\libgcc.a(_sf_to_si.o)
 .debug_info    0x000013dd      0x12c d:/mo morsy/iti_embedded/imt tools/sdk/imt_sdk_win_64/winavr/bin/../lib/gcc/avr/4.3.3/avr5\libgcc.a(_thenan_sf.o)
 .debug_info    0x00001509      0x2df d:/mo morsy/iti_embedded/imt tools/sdk/imt_sdk_win_64/winavr/bin/../lib/gcc/avr/4.3.3/avr5\libgcc.a(_pack_sf.o)
 .debug_info    0x000017e8      0x251 d:/mo morsy/iti_embedded/imt tools/sdk/imt_sdk_win_64/winavr/bin/../lib/gcc/avr/4.3.3/avr5\libgcc.a(_unpack_sf.o)
 .debug_info    0x00001a39      0x210 d:/mo morsy/iti_embedded/imt tools/sdk/imt_sdk_win_64/winavr/bin/../lib/gcc/avr/4.3.3/avr5\libgcc.a(_fpcmp_parts_sf.o)
 *(.gnu.linkonce.wi.*)

.debug_abbrev   0x00000000      0xeeb
 *(.debug_abbrev)
 .debug_abbrev  0x00000000       0x5d d:/mo morsy/iti_embedded/imt tools/sdk/imt_sdk_win_64/winavr/bin/../lib/gcc/avr/4.3.3/avr5\libgcc.a(_fixunssfsi.o)
 .debug_abbrev  0x0000005d      0x1ea d:/mo morsy/iti_embedded/imt tools/sdk/imt_sdk_win_64/winavr/bin/../lib/gcc/avr/4.3.3/avr5\libgcc.a(_addsub_sf.o)
 .debug_abbrev  0x00000247      0x21b d:/mo morsy/iti_embedded/imt tools/sdk/imt_sdk_win_64/winavr/bin/../lib/gcc/avr/4.3.3/avr5\libgcc.a(_mul_sf.o)
 .debug_abbrev  0x00000462      0x15a d:/mo morsy/iti_embedded/imt tools/sdk/imt_sdk_win_64/winavr/bin/../lib/gcc/avr/4.3.3/avr5\libgcc.a(_gt_sf.o)
 .debug_abbrev  0x000005bc      0x15a d:/mo morsy/iti_embedded/imt tools/sdk/imt_sdk_win_64/winavr/bin/../lib/gcc/avr/4.3.3/avr5\libgcc.a(_ge_sf.o)
 .debug_abbrev  0x00000716      0x15a d:/mo morsy/iti_embedded/imt tools/sdk/imt_sdk_win_64/winavr/bin/../lib/gcc/avr/4.3.3/avr5\libgcc.a(_lt_sf.o)
 .debug_abbrev  0x00000870      0x17f d:/mo morsy/iti_embedded/imt tools/sdk/imt_sdk_win_64/winavr/bin/../lib/gcc/avr/4.3.3/avr5\libgcc.a(_sf_to_si.o)
 .debug_abbrev  0x000009ef       0xad d:/mo morsy/iti_embedded/imt tools/sdk/imt_sdk_win_64/winavr/bin/../lib/gcc/avr/4.3.3/avr5\libgcc.a(_thenan_sf.o)
 .debug_abbrev  0x00000a9c      0x1c0 d:/mo morsy/iti_embedded/imt tools/sdk/imt_sdk_win_64/winavr/bin/../lib/gcc/avr/4.3.3/avr5\libgcc.a(_pack_sf.o)
 .debug_abbrev  0x00000c5c      0x154 d:/mo morsy/iti_embedded/imt tools/sdk/imt_sdk_win_64/winavr/bin/../lib/gcc/avr/4.3.3/avr5\libgcc.a(_unpack_sf.o)
 .debug_abbrev  0x00000db0      0x13b d:/mo morsy/iti_embedded/imt tools/sdk/imt_sdk_win_64/winavr/bin/../lib/gcc/avr/4.3.3/avr5\libgcc.a(_fpcmp_parts_sf.o)

.debug_line     0x00000000      0xdad
 *(.debug_line)
 .debug_line    0x00000000       0xa7 d:/mo morsy/iti_embedded/imt tools/sdk/imt_sdk_win_64/winavr/bin/../lib/gcc/avr/4.3.3/avr5\libgcc.a(_fixunssfsi.o)
 .debug_line    0x000000a7      0x2af d:/mo morsy/iti_embedded/imt tools/sdk/imt_sdk_win_64/winavr/bin/../lib/gcc/avr/4.3.3/avr5\libgcc.a(_addsub_sf.o)
 .debug_line    0x00000356      0x239 d:/mo morsy/iti_embedded/imt tools/sdk/imt_sdk_win_64/winavr/bin/../lib/gcc/avr/4.3.3/avr5\libgcc.a(_mul_sf.o)
 .debug_line    0x0000058f       0xd3 d:/mo morsy/iti_embedded/imt tools/sdk/imt_sdk_win_64/winavr/bin/../lib/gcc/avr/4.3.3/avr5\libgcc.a(_gt_sf.o)
 .debug_line    0x00000662       0xd3 d:/mo morsy/iti_embedded/imt tools/sdk/imt_sdk_win_64/winavr/bin/../lib/gcc/avr/4.3.3/avr5\libgcc.a(_ge_sf.o)
 .debug_line    0x00000735       0xd3 d:/mo morsy/iti_embedded/imt tools/sdk/imt_sdk_win_64/winavr/bin/../lib/gcc/avr/4.3.3/avr5\libgcc.a(_lt_sf.o)
 .debug_line    0x00000808      0x109 d:/mo morsy/iti_embedded/imt tools/sdk/imt_sdk_win_64/winavr/bin/../lib/gcc/avr/4.3.3/avr5\libgcc.a(_sf_to_si.o)
 .debug_line    0x00000911       0x90 d:/mo morsy/iti_embedded/imt tools/sdk/imt_sdk_win_64/winavr/bin/../lib/gcc/avr/4.3.3/avr5\libgcc.a(_thenan_sf.o)
 .debug_line    0x000009a1      0x18a d:/mo morsy/iti_embedded/imt tools/sdk/imt_sdk_win_64/winavr/bin/../lib/gcc/avr/4.3.3/avr5\libgcc.a(_pack_sf.o)
 .debug_line    0x00000b2b      0x14b d:/mo morsy/iti_embedded/imt tools/sdk/imt_sdk_win_64/winavr/bin/../lib/gcc/avr/4.3.3/avr5\libgcc.a(_unpack_sf.o)
 .debug_line    0x00000c76      0x137 d:/mo morsy/iti_embedded/imt tools/sdk/imt_sdk_win_64/winavr/bin/../lib/gcc/avr/4.3.3/avr5\libgcc.a(_fpcmp_parts_sf.o)

.debug_frame    0x00000000      0x160
 *(.debug_frame)
 .debug_frame   0x00000000       0x20 d:/mo morsy/iti_embedded/imt tools/sdk/imt_sdk_win_64/winavr/bin/../lib/gcc/avr/4.3.3/avr5\libgcc.a(_fixunssfsi.o)
 .debug_frame   0x00000020       0x40 d:/mo morsy/iti_embedded/imt tools/sdk/imt_sdk_win_64/winavr/bin/../lib/gcc/avr/4.3.3/avr5\libgcc.a(_addsub_sf.o)
 .debug_frame   0x00000060       0x20 d:/mo morsy/iti_embedded/imt tools/sdk/imt_sdk_win_64/winavr/bin/../lib/gcc/avr/4.3.3/avr5\libgcc.a(_mul_sf.o)
 .debug_frame   0x00000080       0x20 d:/mo morsy/iti_embedded/imt tools/sdk/imt_sdk_win_64/winavr/bin/../lib/gcc/avr/4.3.3/avr5\libgcc.a(_gt_sf.o)
 .debug_frame   0x000000a0       0x20 d:/mo morsy/iti_embedded/imt tools/sdk/imt_sdk_win_64/winavr/bin/../lib/gcc/avr/4.3.3/avr5\libgcc.a(_ge_sf.o)
 .debug_frame   0x000000c0       0x20 d:/mo morsy/iti_embedded/imt tools/sdk/imt_sdk_win_64/winavr/bin/../lib/gcc/avr/4.3.3/avr5\libgcc.a(_lt_sf.o)
 .debug_frame   0x000000e0       0x20 d:/mo morsy/iti_embedded/imt tools/sdk/imt_sdk_win_64/winavr/bin/../lib/gcc/avr/4.3.3/avr5\libgcc.a(_sf_to_si.o)
 .debug_frame   0x00000100       0x20 d:/mo morsy/iti_embedded/imt tools/sdk/imt_sdk_win_64/winavr/bin/../lib/gcc/avr/4.3.3/avr5\libgcc.a(_pack_sf.o)
 .debug_frame   0x00000120       0x20 d:/mo morsy/iti_embedded/imt tools/sdk/imt_sdk_win_64/winavr/bin/../lib/gcc/avr/4.3.3/avr5\libgcc.a(_unpack_sf.o)
 .debug_frame   0x00000140       0x20 d:/mo morsy/iti_embedded/imt tools/sdk/imt_sdk_win_64/winavr/bin/../lib/gcc/avr/4.3.3/avr5\libgcc.a(_fpcmp_parts_sf.o)

.debug_str      0x00000000      0x28d
 *(.debug_str)
 .debug_str     0x00000000       0xbf d:/mo morsy/iti_embedded/imt tools/sdk/imt_sdk_win_64/winavr/bin/../lib/gcc/avr/4.3.3/avr5\libgcc.a(_fixunssfsi.o)
                                 0xfe (size before relaxing)
 .debug_str     0x000000bf      0x14d d:/mo morsy/iti_embedded/imt tools/sdk/imt_sdk_win_64/winavr/bin/../lib/gcc/avr/4.3.3/avr5\libgcc.a(_addsub_sf.o)
                                0x206 (size before relaxing)
 .debug_str     0x0000020c       0x27 d:/mo morsy/iti_embedded/imt tools/sdk/imt_sdk_win_64/winavr/bin/../lib/gcc/avr/4.3.3/avr5\libgcc.a(_mul_sf.o)
                                0x1bf (size before relaxing)
 .debug_str     0x00000233        0xf d:/mo morsy/iti_embedded/imt tools/sdk/imt_sdk_win_64/winavr/bin/../lib/gcc/avr/4.3.3/avr5\libgcc.a(_gt_sf.o)
                                0x195 (size before relaxing)
 .debug_str     0x00000242        0x8 d:/mo morsy/iti_embedded/imt tools/sdk/imt_sdk_win_64/winavr/bin/../lib/gcc/avr/4.3.3/avr5\libgcc.a(_ge_sf.o)
                                0x195 (size before relaxing)
 .debug_str     0x0000024a        0x8 d:/mo morsy/iti_embedded/imt tools/sdk/imt_sdk_win_64/winavr/bin/../lib/gcc/avr/4.3.3/avr5\libgcc.a(_lt_sf.o)
                                0x195 (size before relaxing)
 .debug_str     0x00000252        0xa d:/mo morsy/iti_embedded/imt tools/sdk/imt_sdk_win_64/winavr/bin/../lib/gcc/avr/4.3.3/avr5\libgcc.a(_sf_to_si.o)
                                0x19e (size before relaxing)
 .debug_str     0x00000000      0x103 d:/mo morsy/iti_embedded/imt tools/sdk/imt_sdk_win_64/winavr/bin/../lib/gcc/avr/4.3.3/avr5\libgcc.a(_thenan_sf.o)
 .debug_str     0x0000025c       0x16 d:/mo morsy/iti_embedded/imt tools/sdk/imt_sdk_win_64/winavr/bin/../lib/gcc/avr/4.3.3/avr5\libgcc.a(_pack_sf.o)
                                0x19d (size before relaxing)
 .debug_str     0x00000272        0xb d:/mo morsy/iti_embedded/imt tools/sdk/imt_sdk_win_64/winavr/bin/../lib/gcc/avr/4.3.3/avr5\libgcc.a(_unpack_sf.o)
                                0x17f (size before relaxing)
 .debug_str     0x0000027d       0x10 d:/mo morsy/iti_embedded/imt tools/sdk/imt_sdk_win_64/winavr/bin/../lib/gcc/avr/4.3.3/avr5\libgcc.a(_fpcmp_parts_sf.o)
                                0x163 (size before relaxing)

.debug_loc      0x00000000      0x7ce
 *(.debug_loc)
 .debug_loc     0x00000000       0x34 d:/mo morsy/iti_embedded/imt tools/sdk/imt_sdk_win_64/winavr/bin/../lib/gcc/avr/4.3.3/avr5\libgcc.a(_fixunssfsi.o)
 .debug_loc     0x00000034      0x32a d:/mo morsy/iti_embedded/imt tools/sdk/imt_sdk_win_64/winavr/bin/../lib/gcc/avr/4.3.3/avr5\libgcc.a(_addsub_sf.o)
 .debug_loc     0x0000035e      0x104 d:/mo morsy/iti_embedded/imt tools/sdk/imt_sdk_win_64/winavr/bin/../lib/gcc/avr/4.3.3/avr5\libgcc.a(_mul_sf.o)
 .debug_loc     0x00000462       0x3c d:/mo morsy/iti_embedded/imt tools/sdk/imt_sdk_win_64/winavr/bin/../lib/gcc/avr/4.3.3/avr5\libgcc.a(_gt_sf.o)
 .debug_loc     0x0000049e       0x3c d:/mo morsy/iti_embedded/imt tools/sdk/imt_sdk_win_64/winavr/bin/../lib/gcc/avr/4.3.3/avr5\libgcc.a(_ge_sf.o)
 .debug_loc     0x000004da       0x3c d:/mo morsy/iti_embedded/imt tools/sdk/imt_sdk_win_64/winavr/bin/../lib/gcc/avr/4.3.3/avr5\libgcc.a(_lt_sf.o)
 .debug_loc     0x00000516       0x7e d:/mo morsy/iti_embedded/imt tools/sdk/imt_sdk_win_64/winavr/bin/../lib/gcc/avr/4.3.3/avr5\libgcc.a(_sf_to_si.o)
 .debug_loc     0x00000594      0x13e d:/mo morsy/iti_embedded/imt tools/sdk/imt_sdk_win_64/winavr/bin/../lib/gcc/avr/4.3.3/avr5\libgcc.a(_pack_sf.o)
 .debug_loc     0x000006d2       0xac d:/mo morsy/iti_embedded/imt tools/sdk/imt_sdk_win_64/winavr/bin/../lib/gcc/avr/4.3.3/avr5\libgcc.a(_unpack_sf.o)
 .debug_loc     0x0000077e       0x50 d:/mo morsy/iti_embedded/imt tools/sdk/imt_sdk_win_64/winavr/bin/../lib/gcc/avr/4.3.3/avr5\libgcc.a(_fpcmp_parts_sf.o)

.debug_macinfo
 *(.debug_macinfo)
OUTPUT(FinalSmart2.elf elf32-avr)
LOAD linker stubs

.debug_ranges   0x00000000       0x50
 .debug_ranges  0x00000000       0x50 d:/mo morsy/iti_embedded/imt tools/sdk/imt_sdk_win_64/winavr/bin/../lib/gcc/avr/4.3.3/avr5\libgcc.a(_mul_sf.o)
